// Jest Snapshot v1, https://goo.gl/fbAQLP

exports[`EmptyDashboardState matches snapshot from 4.30.2025 1`] = `
<div>
  <div
    class="flex flex-col items-center justify-center py-12 px-4 bg-background-elevated rounded-lg shadow-sm border border-primary-50"
  >
    <svg
      class="w-20 h-20 text-primary-100 mb-4"
      fill="none"
      stroke="currentColor"
      viewBox="0 0 24 24"
    >
      <path
        d="M9 17a2 2 0 11-4 0 2 2 0 014 0zM19 17a2 2 0 11-4 0 2 2 0 014 0z"
        stroke-linecap="round"
        stroke-linejoin="round"
        stroke-width="1.5"
      />
      <path
        d="M13 16V6a1 1 0 00-1-1H4a1 1 0 00-1 1v10a1 1 0 001 1h1m8-1a1 1 0 01-1 1H9m4-1V8a1 1 0 011-1h2.586a1 1 0 01.707.293l3.414 3.414a1 1 0 01.293.707V16a1 1 0 01-1 1h-1m-6-1a1 1 0 001 1h1M5 17a2 2 0 104 0m-4 0a2 2 0 114 0m6 0a2 2 0 104 0m-4 0a2 2 0 114 0"
        stroke-linecap="round"
        stroke-linejoin="round"
        stroke-width="1.5"
      />
    </svg>
    <h2
      class="text-xl font-bold mb-2"
    >
      No vehicles yet
    </h2>
    <p
      class="text-neutral-text text-center mb-6 max-w-md"
    >
      Add your first vehicle to calculate its true cost per mile.
    </p>
    <a
      class="nav-link-primary flex items-center"
      href="/calculator"
    >
      <svg
        class="w-5 h-5 mr-2"
        fill="none"
        stroke="currentColor"
        viewBox="0 0 24 24"
      >
        <path
          d="M12 6v6m0 0v6m0-6h6m-6 0H6"
          stroke-linecap="round"
          stroke-linejoin="round"
          stroke-width="2"
        />
      </svg>
      Add Vehicle
    </a>
  </div>
</div>
`;
