// Jest Snapshot v1, https://goo.gl/fbAQLP

exports[`TripPage matches snapshot from 4.30.2025 1`] = `
<div>
  <h1>
    Placeholder
  </h1>
</div>
`;
